


ARM Macro Assembler    Page 1 


    1 00000000         ;
    2 00000000         ; CSU11021 Introduction to Computing I 2019/2020
    3 00000000         ; GCD
    4 00000000         ;
    5 00000000         
    6 00000000                 AREA             RESET, CODE, READONLY
    7 00000000                 ENTRY
    8 00000000         
    9 00000000 E3A02018        LDR              R2, =24     ; assiging a to R2 
                                                            
   10 00000004 E3A0304C        LDR              R3, =76     ; assiging b to R3
   11 00000008         while
   12 00000008 E1520003        CMP              R2, R3      ; while (a != b)
   13 0000000C 0A000007        BEQ              equal       ; {
   14 00000010 E1520003        CMP              R2, R3      ; if (a > b)
   15 00000014 9A000002        BLS              lessths     ; {
   16 00000018 E0422003        SUB              R2, R2, R3  ;  a = a -b
   17 0000001C E1A00002        MOV              R0, R2      ;  } (stores result
                                                             in R0)
   18 00000020 EAFFFFF8        B                while       ; 
   19 00000024         lessths                              ; else {
   20 00000024 E0433002        SUB              R3, R3, R2  ;  b = b - a
   21 00000028 E1A00003        MOV              R0, R3      ; }  (stores result
                                                             in R0)
   22 0000002C EAFFFFF5        B                while
   23 00000030         equal
   24 00000030         
   25 00000030         
   26 00000030 EAFFFFFE 
                       STOP    B                STOP
   27 00000034         
   28 00000034                 END
Command Line: --debug --xref --diag_suppress=9931 --apcs=interwork --depend=.\o
bjects\lab-2-3-gcd.d -o.\objects\lab-2-3-gcd.o -IC:\Keil_v5\ARM\RV31\INC -IC:\K
eil_v5\ARM\CMSIS\Include -IC:\Keil_v5\ARM\INC\Philips --predefine="__EVAL SETA 
1" --predefine="__UVISION_VERSION SETA 528" --list=.\listings\lab-2-3-gcd.lst L
ab-2-3-GCD.s



ARM Macro Assembler    Page 1 Alphabetic symbol ordering
Relocatable symbols

RESET 00000000

Symbol: RESET
   Definitions
      At line 6 in file Lab-2-3-GCD.s
   Uses
      None
Comment: RESET unused
STOP 00000030

Symbol: STOP
   Definitions
      At line 26 in file Lab-2-3-GCD.s
   Uses
      At line 26 in file Lab-2-3-GCD.s
Comment: STOP used once
equal 00000030

Symbol: equal
   Definitions
      At line 23 in file Lab-2-3-GCD.s
   Uses
      At line 13 in file Lab-2-3-GCD.s
Comment: equal used once
lessths 00000024

Symbol: lessths
   Definitions
      At line 19 in file Lab-2-3-GCD.s
   Uses
      At line 15 in file Lab-2-3-GCD.s
Comment: lessths used once
while 00000008

Symbol: while
   Definitions
      At line 11 in file Lab-2-3-GCD.s
   Uses
      At line 18 in file Lab-2-3-GCD.s
      At line 22 in file Lab-2-3-GCD.s

5 symbols
337 symbols in table
