Component: ARM Compiler 5.06 update 6 (build 750) Tool: armlink [4d35ed]

==============================================================================

Section Cross References



==============================================================================

Image Symbol Table

    Local Symbols

    Symbol Name                              Value     Ov Type        Size  Object(Section)

    RESET                                    0x00000000   Section      248  lab-3-6-intersection.o(RESET)
    Lab-3-6-Intersection.s                   0x00000000   Number         0  lab-3-6-intersection.o ABSOLUTE
    sizeA                                    0x000000a8   Data           4  lab-3-6-intersection.o(RESET)
    elemsA                                   0x000000ac   Data          16  lab-3-6-intersection.o(RESET)
    sizeB                                    0x000000bc   Data           4  lab-3-6-intersection.o(RESET)
    elemsB                                   0x000000c0   Data          36  lab-3-6-intersection.o(RESET)

    Global Symbols

    Symbol Name                              Value     Ov Type        Size  Object(Section)

    BuildAttributes$$THM_ISAv1$ARM_ISAv4$S$PE$A:L22$X:L11$S22$IEEE1$IW$USESV6$~STKCKD$USESV7$~SHL$OSPACE$EBA8$STANDARDLIB$PRES8$EABIv2 0x00000000   Number         0  anon$$obj.o ABSOLUTE



==============================================================================

Memory Map of the image

  Image Entry point : 0x00000000

  Load Region LR_IROM1 (Base: 0x00000000, Size: 0x000000f8, Max: 0x00080000, ABSOLUTE)

    Execution Region ER_IROM1 (Exec base: 0x00000000, Load base: 0x00000000, Size: 0x000000f8, Max: 0x00080000, ABSOLUTE)

    Exec Addr    Load Addr    Size         Type   Attr      Idx    E Section Name        Object

    0x00000000   0x00000000   0x000000f8   Code   RO            1  * RESET               lab-3-6-intersection.o


    Execution Region RW_IRAM1 (Exec base: 0x40000000, Load base: 0x000000f8, Size: 0x00000000, Max: 0x00010000, ABSOLUTE, UNINIT)

    **** No section assigned to this execution region ****


==============================================================================

Image component sizes


      Code (inc. data)   RO Data    RW Data    ZI Data      Debug   Object Name

       248         80          0          0          0        336   lab-3-6-intersection.o

    ----------------------------------------------------------------------
       248         80          0          0          0        336   Object Totals
         0          0          0          0          0          0   (incl. Generated)
         0          0          0          0          0          0   (incl. Padding)

    ----------------------------------------------------------------------
         0          0          0          0          0          0   Library Totals
         0          0          0          0          0          0   (incl. Padding)

    ----------------------------------------------------------------------

==============================================================================


      Code (inc. data)   RO Data    RW Data    ZI Data      Debug   

       248         80          0          0          0        336   Grand Totals
       248         80          0          0          0        336   ELF Image Totals
       248         80          0          0          0          0   ROM Totals

==============================================================================

    Total RO  Size (Code + RO Data)                  248 (   0.24kB)
    Total RW  Size (RW Data + ZI Data)                 0 (   0.00kB)
    Total ROM Size (Code + RO Data + RW Data)        248 (   0.24kB)

==============================================================================

