Component: ARM Compiler 5.06 update 6 (build 750) Tool: armlink [4d35ed]

==============================================================================

Section Cross References



==============================================================================

Image Symbol Table

    Local Symbols

    Symbol Name                              Value     Ov Type        Size  Object(Section)

    RESET                                    0x00000000   Section      164  lab-3-5-mode.o(RESET)
    Lab-3-5-Mode.s                           0x00000000   Number         0  lab-3-5-mode.o ABSOLUTE
    tstN                                     0x0000006c   Data           4  lab-3-5-mode.o(RESET)
    tstvals                                  0x00000070   Data          40  lab-3-5-mode.o(RESET)

    Global Symbols

    Symbol Name                              Value     Ov Type        Size  Object(Section)

    BuildAttributes$$THM_ISAv1$ARM_ISAv4$S$PE$A:L22$X:L11$S22$IEEE1$IW$USESV6$~STKCKD$USESV7$~SHL$OSPACE$EBA8$STANDARDLIB$PRES8$EABIv2 0x00000000   Number         0  anon$$obj.o ABSOLUTE



==============================================================================

Memory Map of the image

  Image Entry point : 0x00000000

  Load Region LR_IROM1 (Base: 0x00000000, Size: 0x000000a4, Max: 0x00080000, ABSOLUTE)

    Execution Region ER_IROM1 (Exec base: 0x00000000, Load base: 0x00000000, Size: 0x000000a4, Max: 0x00080000, ABSOLUTE)

    Exec Addr    Load Addr    Size         Type   Attr      Idx    E Section Name        Object

    0x00000000   0x00000000   0x000000a4   Code   RO            1  * RESET               lab-3-5-mode.o


    Execution Region RW_IRAM1 (Exec base: 0x40000000, Load base: 0x000000a4, Size: 0x00000000, Max: 0x00010000, ABSOLUTE, UNINIT)

    **** No section assigned to this execution region ****


==============================================================================

Image component sizes


      Code (inc. data)   RO Data    RW Data    ZI Data      Debug   Object Name

       164         56          0          0          0        292   lab-3-5-mode.o

    ----------------------------------------------------------------------
       164         56          0          0          0        292   Object Totals
         0          0          0          0          0          0   (incl. Generated)
         0          0          0          0          0          0   (incl. Padding)

    ----------------------------------------------------------------------
         0          0          0          0          0          0   Library Totals
         0          0          0          0          0          0   (incl. Padding)

    ----------------------------------------------------------------------

==============================================================================


      Code (inc. data)   RO Data    RW Data    ZI Data      Debug   

       164         56          0          0          0        292   Grand Totals
       164         56          0          0          0        292   ELF Image Totals
       164         56          0          0          0          0   ROM Totals

==============================================================================

    Total RO  Size (Code + RO Data)                  164 (   0.16kB)
    Total RW  Size (RW Data + ZI Data)                 0 (   0.00kB)
    Total ROM Size (Code + RO Data + RW Data)        164 (   0.16kB)

==============================================================================

