Component: ARM Compiler 5.06 update 6 (build 750) Tool: armlink [4d35ed]

==============================================================================

Section Cross References

    lab2-matmul.o(RESET) refers to lab2-matmul.o(globals) for ARR_R


==============================================================================

Image Symbol Table

    Local Symbols

    Symbol Name                              Value     Ov Type        Size  Object(Section)

    RESET                                    0x00000000   Section      272  lab2-matmul.o(RESET)
    lab2-matmul.s                            0x00000000   Number         0  lab2-matmul.o ABSOLUTE
    ARR_A                                    0x00000080   Data          16  lab2-matmul.o(RESET)
    ARR_B                                    0x000000c0   Data          16  lab2-matmul.o(RESET)
    globals                                  0x40000000   Section       64  lab2-matmul.o(globals)
    ARR_R                                    0x40000000   Data          64  lab2-matmul.o(globals)

    Global Symbols

    Symbol Name                              Value     Ov Type        Size  Object(Section)

    BuildAttributes$$THM_ISAv1$ARM_ISAv4$S$PE$A:L22$X:L11$S22$IEEE1$IW$USESV6$~STKCKD$USESV7$~SHL$OSPACE$EBA8$STANDARDLIB$EABIv2 0x00000000   Number         0  anon$$obj.o ABSOLUTE



==============================================================================

Memory Map of the image

  Image Entry point : 0x00000000

  Load Region LR_IROM1 (Base: 0x00000000, Size: 0x00000150, Max: 0x00080000, ABSOLUTE)

    Execution Region ER_IROM1 (Exec base: 0x00000000, Load base: 0x00000000, Size: 0x00000110, Max: 0x00080000, ABSOLUTE)

    Exec Addr    Load Addr    Size         Type   Attr      Idx    E Section Name        Object

    0x00000000   0x00000000   0x00000110   Code   RO            2  * RESET               lab2-matmul.o


    Execution Region RW_IRAM1 (Exec base: 0x40000000, Load base: 0x00000110, Size: 0x00000040, Max: 0x00010000, ABSOLUTE, UNINIT)

    Exec Addr    Load Addr    Size         Type   Attr      Idx    E Section Name        Object

    0x40000000   0x00000110   0x00000040   Data   RW            1    globals             lab2-matmul.o


==============================================================================

Image component sizes


      Code (inc. data)   RO Data    RW Data    ZI Data      Debug   Object Name

       272        144          0         64          0        296   lab2-matmul.o

    ----------------------------------------------------------------------
       272        144          0         64          0        296   Object Totals
         0          0          0          0          0          0   (incl. Generated)
         0          0          0          0          0          0   (incl. Padding)

    ----------------------------------------------------------------------
         0          0          0          0          0          0   Library Totals
         0          0          0          0          0          0   (incl. Padding)

    ----------------------------------------------------------------------

==============================================================================


      Code (inc. data)   RO Data    RW Data    ZI Data      Debug   

       272        144          0         64          0        296   Grand Totals
       272        144          0         64          0        296   ELF Image Totals
       272        144          0         64          0          0   ROM Totals

==============================================================================

    Total RO  Size (Code + RO Data)                  272 (   0.27kB)
    Total RW  Size (RW Data + ZI Data)                64 (   0.06kB)
    Total ROM Size (Code + RO Data + RW Data)        336 (   0.33kB)

==============================================================================

